
> portfolio@0.1.0 build
> next build

node.exe : ΓÜá Warning: 
Next.js inferred your 
workspace root, but it 
may not be correct.
At line:1 char:1
+ & "C:\Program 
Files\nodejs/node.exe" "C:
\Users\InfoCenter\AppData\
Roa ...
+ ~~~~~~~~~~~~~~~~~~~~~~~~
~~~~~~~~~~~~~~~~~~~~~~~~~~
~~~~~~~~~~~~~~~~~~~
    + CategoryInfo        
      : NotSpecified    : 
(ΓÜá Warning: Ne.    
..not be correct.:S    
tring) [], RemoteEx    
ception
    + FullyQualifiedErr   
 orId : NativeComman    
dError
 
 We detected multiple 
lockfiles and selected 
the directory of C:\Users\
InfoCenter\package-lock.js
on as the root directory.
 To silence this warning, 
set `turbopack.root` in 
your Next.js config, or 
consider removing one of 
the lockfiles if it's not 
needed.
   See https://nextjs.org/
docs/app/api-reference/con
fig/next-config-js/turbopa
ck#root-directory for 
more information.
 Detected additional 
lockfiles: 
   * C:\Users\InfoCenter\D
esktop\project_protfolio\p
ortfolio\portfolio\package
-lock.json

Γû▓ Next.js 16.2.1 (Turbopack)

  Creating an optimized production build ...
